24 19 0 5 25 15 1 15 1 13 26 1077936128 12 15 -1 13 0 1 1 26 1073741824 12 15 -1 13 11 13 0 1 1 11 3 22 21 2