24 19 1 5 25 15 1 13 0 1 1 0 1 12 15 -1 13 11 18 27 0 1 22 15 -1 16 34 13 11 0 1 6 17 41 0 2 22 15 -1 16 48 13 11 13 11 6 17 53 0 3 22 21 2 21 1